[    0.000000] Linux version 4.15.0-213-generic (buildd@lcy02-amd64-079) (gcc version 7.5.0 (Ubuntu 7.5.0-3ubuntu1~18.04)) #224-Ubuntu SMP Mon Jun 19 13:30:12 UTC 2023 (Ubuntu 4.15.0-213.224-generic 4.15.18)
[    0.000000] Command line: BOOT_IMAGE=/boot/vmlinuz-4.15.0-213-generic root=UUID=f685bb41-0e3b-40c4-89c1-eea0f0583525 ro console=tty1 console=ttyS0
[    0.000000] KERNEL supported cpus:
[    0.000000]   Intel GenuineIntel
[    0.000000]   AMD AuthenticAMD
[    0.000000]   Centaur CentaurHauls
[    0.000000] x86/fpu: x87 FPU will use FXSAVE
[    0.000000] e820: BIOS-provided physical RAM map:
[    0.000000] BIOS-e820: [mem 0x0000000000000000-0x000000000009fbff] usable
[    0.000000] BIOS-e820: [mem 0x000000000009fc00-0x000000000009ffff] reserved
[    0.000000] BIOS-e820: [mem 0x00000000000f0000-0x00000000000fffff] reserved
[    0.000000] BIOS-e820: [mem 0x0000000000100000-0x000000003ffeffff] usable
[    0.000000] BIOS-e820: [mem 0x000000003fff0000-0x000000003fffffff] ACPI data
[    0.000000] BIOS-e820: [mem 0x00000000fec00000-0x00000000fec00fff] reserved
[    0.000000] BIOS-e820: [mem 0x00000000fee00000-0x00000000fee00fff] reserved
[    0.000000] BIOS-e820: [mem 0x00000000fffc0000-0x00000000ffffffff] reserved
[    0.000000] NX (Execute Disable) protection: active
[    0.000000] SMBIOS 2.5 present.
[    0.000000] DMI: innotek GmbH VirtualBox/VirtualBox, BIOS VirtualBox 12/01/2006
[    0.000000] Hypervisor detected: KVM
[    0.000000] e820: last_pfn = 0x3fff0 max_arch_pfn = 0x400000000
[    0.000000] x86/PAT: Configuration [0-7]: WB  WC  UC- UC  WB  WP  UC- WT  
[    0.000000] CPU MTRRs all blank - virtualized system.
[    0.000000] found SMP MP-table at [mem 0x0009fbf0-0x0009fbff]
[    0.000000] Scanning 1 areas for low memory corruption
[    0.000000] RAMDISK: [mem 0x35819000-0x36c03fff]
[    0.000000] ACPI: Early table checksum verification disabled
[    0.000000] ACPI: RSDP 0x00000000000E0000 000024 (v02 VBOX  )
[    0.000000] ACPI: XSDT 0x000000003FFF0030 00003C (v01 VBOX   VBOXXSDT 00000001 ASL  00000061)
[    0.000000] ACPI: FACP 0x000000003FFF00F0 0000F4 (v04 VBOX   VBOXFACP 00000001 ASL  00000061)
[    0.000000] ACPI: DSDT 0x000000003FFF0610 002353 (v02 VBOX   VBOXBIOS 00000002 INTL 20100528)
[    0.000000] ACPI: FACS 0x000000003FFF0200 000040
[    0.000000] ACPI: FACS 0x000000003FFF0200 000040
[    0.000000] ACPI: APIC 0x000000003FFF0240 00005C (v02 VBOX   VBOXAPIC 00000001 ASL  00000061)
[    0.000000] ACPI: SSDT 0x000000003FFF02A0 00036C (v01 VBOX   VBOXCPUT 00000002 INTL 20100528)
[    0.000000] ACPI: Reserving FACP table memory at [mem 0x3fff00f0-0x3fff01e3]
[    0.000000] ACPI: Reserving DSDT table memory at [mem 0x3fff0610-0x3fff2962]
[    0.000000] ACPI: Reserving FACS table memory at [mem 0x3fff0200-0x3fff023f]
[    0.000000] ACPI: Reserving FACS table memory at [mem 0x3fff0200-0x3fff023f]
[    0.000000] ACPI: Reserving APIC table memory at [mem 0x3fff0240-0x3fff029b]
[    0.000000] ACPI: Reserving SSDT table memory at [mem 0x3fff02a0-0x3fff060b]
[    0.000000] No NUMA configuration found
[    0.000000] Faking a node at [mem 0x0000000000000000-0x000000003ffeffff]
[    0.000000] NODE_DATA(0) allocated [mem 0x3ffc5000-0x3ffeffff]
[    0.000000] kvm-clock: cpu 0, msr 0:3ff44001, primary cpu clock
[    0.000000] kvm-clock: Using msrs 4b564d01 and 4b564d00
[    0.000000] kvm-clock: using sched offset of 4326790199 cycles
[    0.000000] clocksource: kvm-clock: mask: 0xffffffffffffffff max_cycles: 0x1cd42e4dffb, max_idle_ns: 881590591483 ns
[    0.000000] Zone ranges:
[    0.000000]   DMA      [mem 0x0000000000001000-0x0000000000ffffff]
[    0.000000]   DMA32    [mem 0x0000000001000000-0x000000003ffeffff]
[    0.000000]   Normal   empty
[    0.000000]   Device   empty
[    0.000000] Movable zone start for each node
[    0.000000] Early memory node ranges
[    0.000000]   node   0: [mem 0x0000000000001000-0x000000000009efff]
[    0.000000]   node   0: [mem 0x0000000000100000-0x000000003ffeffff]
[    0.000000] Reserved but unavailable: 104 pages
[    0.000000] Initmem setup node 0 [mem 0x0000000000001000-0x000000003ffeffff]
[    0.000000] ACPI: PM-Timer IO Port: 0x4008
[    0.000000] IOAPIC[0]: apic_id 2, version 32, address 0xfec00000, GSI 0-23
[    0.000000] ACPI: INT_SRC_OVR (bus 0 bus_irq 0 global_irq 2 dfl dfl)
[    0.000000] ACPI: INT_SRC_OVR (bus 0 bus_irq 9 global_irq 9 low level)
[    0.000000] Using ACPI (MADT) for SMP configuration information
[    0.000000] smpboot: Allowing 2 CPUs, 0 hotplug CPUs
[    0.000000] PM: Registered nosave memory: [mem 0x00000000-0x00000fff]
[    0.000000] PM: Registered nosave memory: [mem 0x0009f000-0x0009ffff]
[    0.000000] PM: Registered nosave memory: [mem 0x000a0000-0x000effff]
[    0.000000] PM: Registered nosave memory: [mem 0x000f0000-0x000fffff]
[    0.000000] e820: [mem 0x40000000-0xfebfffff] available for PCI devices
[    0.000000] Booting paravirtualized kernel on KVM
[    0.000000] clocksource: refined-jiffies: mask: 0xffffffff max_cycles: 0xffffffff, max_idle_ns: 7645519600211568 ns
[    0.000000] setup_percpu: NR_CPUS:8192 nr_cpumask_bits:2 nr_cpu_ids:2 nr_node_ids:1
[    0.000000] percpu: Embedded 50 pages/cpu s167936 r8192 d28672 u1048576
[    0.000000] PV qspinlock hash table entries: 256 (order: 0, 4096 bytes)
[    0.000000] Built 1 zonelists, mobility grouping on.  Total pages: 257913
[    0.000000] Policy zone: DMA32
[    0.000000] Kernel command line: BOOT_IMAGE=/boot/vmlinuz-4.15.0-213-generic root=UUID=f685bb41-0e3b-40c4-89c1-eea0f0583525 ro console=tty1 console=ttyS0
[    0.000000] Memory: 981776K/1048120K available (12300K kernel code, 2477K rwdata, 4324K rodata, 2480K init, 2720K bss, 66344K reserved, 0K cma-reserved)
[    0.000000] SLUB: HWalign=64, Order=0-3, MinObjects=0, CPUs=2, Nodes=1
[    0.000000] ftrace: allocating 39508 entries in 155 pages
[    0.004000] Hierarchical RCU implementation.
[    0.004000] 	RCU restricting CPUs from NR_CPUS=8192 to nr_cpu_ids=2.
[    0.004000] 	Tasks RCU enabled.
[    0.004000] RCU: Adjusting geometry for rcu_fanout_leaf=16, nr_cpu_ids=2
[    0.004000] NR_IRQS: 524544, nr_irqs: 440, preallocated irqs: 16
[    0.004000] random: crng init done
[    0.004000] Console: colour VGA+ 80x25
[    0.004000] console [tty1] enabled
[    0.004000] console [ttyS0] enabled
[    0.004000] ACPI: Core revision 20170831
[    0.004000] ACPI: 2 ACPI AML tables successfully acquired and loaded
[    0.004000] APIC: Switch to symmetric I/O mode setup
[    0.004000] ..TIMER: vector=0x30 apic1=0 pin1=2 apic2=-1 pin2=-1
[    0.004000] tsc: Detected 2495.998 MHz processor
[    0.004000] Calibrating delay loop (skipped) preset value.. 4991.99 BogoMIPS (lpj=9983992)
[    0.004010] pid_max: default: 32768 minimum: 301
[    0.008148] Security Framework initialized
[    0.012009] Yama: becoming mindful.
[    0.016206] AppArmor: AppArmor initialized
[    0.032624] Dentry cache hash table entries: 131072 (order: 8, 1048576 bytes)
[    0.044092] Inode-cache hash table entries: 65536 (order: 7, 524288 bytes)
[    0.048135] Mount-cache hash table entries: 2048 (order: 2, 16384 bytes)
[    0.052128] Mountpoint-cache hash table entries: 2048 (order: 2, 16384 bytes)
[    0.060845] Last level iTLB entries: 4KB 0, 2MB 0, 4MB 0
[    0.064000] Last level dTLB entries: 4KB 0, 2MB 0, 4MB 0, 1GB 0
[    0.064006] Spectre V1 : Mitigation: usercopy/swapgs barriers and __user pointer sanitization
[    0.068005] Spectre V2 : Mitigation: Enhanced IBRS
[    0.072003] Spectre V2 : Spectre v2 / SpectreRSB mitigation: Filling RSB on context switch
[    0.076003] Spectre V2 : Spectre v2 / PBRSB-eIBRS: Retire a single CALL on VMEXIT
[    0.080004] RETBleed: Mitigation: Enhanced IBRS
[    0.084003] Speculative Store Bypass: Vulnerable
[    0.088183] Freeing SMP alternatives memory: 36K
[    0.209102] smpboot: CPU0: 13th Gen Intel(R) Core(TM) i5-13400F (family: 0x6, model: 0xb7, stepping: 0x1)
[    0.212770] Performance Events: unsupported p6 CPU model 183 no PMU driver, software events only.
[    0.216201] Hierarchical SRCU implementation.
[    0.220804] NMI watchdog: Perf event create on CPU 0 failed with -2
[    0.224003] NMI watchdog: Perf NMI watchdog permanently disabled
[    0.228062] smp: Bringing up secondary CPUs ...
[    0.232220] x86: Booting SMP configuration:
[    0.236003] .... node  #0, CPUs:      #1
[    0.004000] kvm-clock: cpu 1, msr 0:3ff44041, secondary cpu clock
[    0.260164] smp: Brought up 1 node, 2 CPUs
[    0.264006] smpboot: Max logical packages: 1
[    0.268005] smpboot: Total of 2 processors activated (9983.99 BogoMIPS)
[    0.274434] devtmpfs: initialized
[    0.276055] x86/mm: Memory block size: 128MB
[    0.280126] evm: security.selinux
[    0.284005] evm: security.SMACK64
[    0.288003] evm: security.SMACK64EXEC
[    0.292003] evm: security.SMACK64TRANSMUTE
[    0.296004] evm: security.SMACK64MMAP
[    0.300003] evm: security.apparmor
[    0.304003] evm: security.ima
[    0.308004] evm: security.capability
[    0.316394] clocksource: jiffies: mask: 0xffffffff max_cycles: 0xffffffff, max_idle_ns: 7645041785100000 ns
[    0.320014] futex hash table entries: 512 (order: 3, 32768 bytes)
[    0.324064] pinctrl core: initialized pinctrl subsystem
[    0.328814] RTC time: 11:32:19, date: 06/09/25
[    0.338555] NET: Registered protocol family 16
[    0.340074] audit: initializing netlink subsys (disabled)
[    0.344643] audit: type=2000 audit(1749468744.310:1): state=initialized audit_enabled=0 res=1
[    0.364007] cpuidle: using governor ladder
[    0.372014] cpuidle: using governor menu
[    0.376000] ACPI: bus type PCI registered
[    0.376004] acpiphp: ACPI Hot Plug PCI Controller Driver version: 0.5
[    0.380000] PCI: Using configuration type 1 for base access
[    0.388169] HugeTLB registered 2.00 MiB page size, pre-allocated 0 pages
[    0.400671] ACPI: Added _OSI(Module Device)
[    0.404000] ACPI: Added _OSI(Processor Device)
[    0.404004] ACPI: Added _OSI(3.0 _SCP Extensions)
[    0.408004] ACPI: Added _OSI(Processor Aggregator Device)
[    0.412006] ACPI: Added _OSI(Linux-Dell-Video)
[    0.416004] ACPI: Added _OSI(Linux-Lenovo-NV-HDMI-Audio)
[    0.420004] ACPI: Added _OSI(Linux-HPI-Hybrid-Graphics)
[    0.428282] ACPI: Executed 1 blocks of module-level executable AML code
[    0.440000] ACPI: Interpreter enabled
[    0.440014] ACPI: (supports S0 S5)
[    0.444004] ACPI: Using IOAPIC for interrupt routing
[    0.448625] PCI: Using host bridge windows from ACPI; if necessary, use "pci=nocrs" and report a bug
[    0.452378] ACPI: Enabled 2 GPEs in block 00 to 07
[    0.473088] ACPI: PCI Root Bridge [PCI0] (domain 0000 [bus 00-ff])
[    0.476011] acpi PNP0A03:00: _OSC: OS supports [ASPM ClockPM Segments MSI]
[    0.481277] acpi PNP0A03:00: _OSC: not requesting OS control; OS requires [ExtendedConfig ASPM ClockPM MSI]
[    0.484018] acpi PNP0A03:00: fail to add MMCONFIG information, can't access extended PCI configuration space under this bridge.
[    0.489236] PCI host bridge to bus 0000:00
[    0.492000] pci_bus 0000:00: root bus resource [io  0x0000-0x0cf7 window]
[    0.492008] pci_bus 0000:00: root bus resource [io  0x0d00-0xffff window]
[    0.496005] pci_bus 0000:00: root bus resource [mem 0x000a0000-0x000bffff window]
[    0.500006] pci_bus 0000:00: root bus resource [mem 0x40000000-0xfdffffff window]
[    0.504005] pci_bus 0000:00: root bus resource [bus 00-ff]
[    0.522948] pci 0000:00:01.1: legacy IDE quirk: reg 0x10: [io  0x01f0-0x01f7]
[    0.524007] pci 0000:00:01.1: legacy IDE quirk: reg 0x14: [io  0x03f6]
[    0.528005] pci 0000:00:01.1: legacy IDE quirk: reg 0x18: [io  0x0170-0x0177]
[    0.532013] pci 0000:00:01.1: legacy IDE quirk: reg 0x1c: [io  0x0376]
[    0.572000] pci 0000:00:07.0: quirk: [io  0x4000-0x403f] claimed by PIIX4 ACPI
[    0.572069] pci 0000:00:07.0: quirk: [io  0x4100-0x410f] claimed by PIIX4 SMB
[    0.597142] ACPI: PCI Interrupt Link [LNKA] (IRQs 5 9 10 *11)
[    0.604954] ACPI: PCI Interrupt Link [LNKB] (IRQs 5 9 *10 11)
[    0.612281] ACPI: PCI Interrupt Link [LNKC] (IRQs 5 *9 10 11)
[    0.616390] ACPI: PCI Interrupt Link [LNKD] (IRQs 5 9 10 *11)
[    0.625267] SCSI subsystem initialized
[    0.632645] pci 0000:00:02.0: vgaarb: setting as boot VGA device
[    0.636000] pci 0000:00:02.0: vgaarb: VGA device added: decodes=io+mem,owns=io+mem,locks=none
[    0.636008] pci 0000:00:02.0: vgaarb: bridge control possible
[    0.640003] vgaarb: loaded
[    0.644058] ACPI: bus type USB registered
[    0.648080] usbcore: registered new interface driver usbfs
[    0.652019] usbcore: registered new interface driver hub
[    0.656018] usbcore: registered new device driver usb
[    0.665715] EDAC MC: Ver: 3.0.0
[    0.672447] PCI: Using ACPI for IRQ routing
[    0.688434] NetLabel: Initializing
[    0.696006] NetLabel:  domain hash size = 128
[    0.712004] NetLabel:  protocols = UNLABELED CIPSOv4 CALIPSO
[    0.728028] NetLabel:  unlabeled traffic allowed by default
[    0.744632] clocksource: Switched to clocksource kvm-clock
[    0.829998] VFS: Disk quotas dquot_6.6.0
[    0.836870] VFS: Dquot-cache hash table entries: 512 (order 0, 4096 bytes)
[    0.848814] AppArmor: AppArmor Filesystem Enabled
[    0.856213] pnp: PnP ACPI init
[    0.864286] pnp: PnP ACPI: found 3 devices
[    0.881027] clocksource: acpi_pm: mask: 0xffffff max_cycles: 0xffffff, max_idle_ns: 2085701024 ns
[    0.894460] NET: Registered protocol family 2
[    0.902512] IP idents hash table entries: 16384 (order: 5, 131072 bytes)
[    0.914738] TCP established hash table entries: 8192 (order: 4, 65536 bytes)
[    0.925694] TCP bind hash table entries: 8192 (order: 5, 131072 bytes)
[    0.937191] TCP: Hash tables configured (established 8192 bind 8192)
[    0.948123] UDP hash table entries: 512 (order: 2, 16384 bytes)
[    0.957550] UDP-Lite hash table entries: 512 (order: 2, 16384 bytes)
[    0.967567] NET: Registered protocol family 1
[    0.975108] pci 0000:00:00.0: Limiting direct PCI/PCI transfers
[    0.984367] pci 0000:00:01.0: Activating ISA DMA hang workarounds
[    0.994402] pci 0000:00:02.0: Video device with shadowed ROM at [mem 0x000c0000-0x000dffff]
[    1.007390] Unpacking initramfs...
[    1.768292] Freeing initrd memory: 20396K
[    1.775510] clocksource: tsc: mask: 0xffffffffffffffff max_cycles: 0x23fa754787d, max_idle_ns: 440795210092 ns
[    1.789437] platform rtc_cmos: registered platform RTC device (no PNP device found)
[    1.801082] Scanning for low memory corruption every 60 seconds
[    1.812734] Initialise system trusted keyrings
[    1.819309] Key type blacklist registered
[    1.826302] workingset: timestamp_bits=36 max_order=18 bucket_order=0
[    1.839532] zbud: loaded
[    1.845498] squashfs: version 4.0 (2009/01/31) Phillip Lougher
[    1.854792] fuse init (API version 7.26)
[    1.935325] Key type asymmetric registered
[    1.941446] Asymmetric key parser 'x509' registered
[    1.949311] Block layer SCSI generic (bsg) driver version 0.4 loaded (major 246)
[    1.964296] io scheduler noop registered
[    1.970109] io scheduler deadline registered
[    1.976360] io scheduler cfq registered (default)
[    1.985570] ACPI: AC Adapter [AC] (on-line)
[    1.989097] input: Power Button as /devices/LNXSYSTM:00/LNXPWRBN:00/input/input0
[    2.002776] ACPI: Power Button [PWRF]
[    2.008710] input: Sleep Button as /devices/LNXSYSTM:00/LNXSLPBN:00/input/input1
[    2.020727] ACPI: Sleep Button [SLPF]
[    2.028604] Serial: 8250/16550 driver, 32 ports, IRQ sharing enabled
[    2.068942] 00:02: ttyS0 at I/O 0x3f8 (irq = 4, base_baud = 115200) is a 16550A
[    2.071649] Linux agpgart interface v0.103
[    2.094656] loop: module loaded
[    2.105429] scsi host0: ata_piix
[    2.113013] scsi host1: ata_piix
[    2.118720] ata1: PATA max UDMA/33 cmd 0x1f0 ctl 0x3f6 bmdma 0xd000 irq 14
[    2.129579] ata2: PATA max UDMA/33 cmd 0x170 ctl 0x376 bmdma 0xd008 irq 15
[    2.142178] tun: Universal TUN/TAP device driver, 1.6
[    2.149826] PPP generic driver version 2.4.2
[    2.153713] ehci_hcd: USB 2.0 'Enhanced' Host Controller (EHCI) Driver
[    2.153713] ehci-pci: EHCI PCI platform driver
[    2.153713] ehci-platform: EHCI generic platform driver
[    2.153713] ohci_hcd: USB 1.1 'Open' Host Controller (OHCI) Driver
[    2.153713] ohci-pci: OHCI PCI platform driver
[    2.153713] ohci-platform: OHCI generic platform driver
[    2.153713] uhci_hcd: USB Universal Host Controller Interface driver
[    2.153713] i8042: PNP: PS/2 Controller [PNP0303:PS2K,PNP0f03:PS2M] at 0x60,0x64 irq 1,12
[    2.153713] serio: i8042 KBD port at 0x60,0x64 irq 1
[    2.153713] serio: i8042 AUX port at 0x60,0x64 irq 12
[    2.153713] mousedev: PS/2 mouse device common for all mice
[    2.254018] rtc_cmos rtc_cmos: rtc core: registered rtc_cmos as rtc0
[    2.265965] rtc_cmos rtc_cmos: alarms up to one day, 114 bytes nvram
[    2.276847] i2c /dev entries driver
[    2.283751] input: AT Translated Set 2 keyboard as /devices/platform/i8042/serio0/input/input2
[    2.283776] device-mapper: uevent: version 1.0.3
[    2.320548] device-mapper: ioctl: 4.37.0-ioctl (2017-09-20) initialised: dm-devel@redhat.com
[    2.389579] ledtrig-cpu: registered to indicate activity on CPUs
[    2.405125] NET: Registered protocol family 10
[    2.428968] Segment Routing with IPv6
[    2.435275] NET: Registered protocol family 17
[    2.444503] Key type dns_resolver registered
[    2.453542] mce: Using 0 MCE banks
[    2.459588] RAS: Correctable Errors collector initialized.
[    2.468134] sched_clock: Marking stable (2468050003, 0)->(3829101134, -1361051131)
[    2.487805] registered taskstats version 1
[    2.495235] Loading compiled-in X.509 certificates
[    2.512294] Loaded X.509 cert 'Build time autogenerated kernel key: cdc7189136aaa35407544516090e2034d9c28e14'
[    2.528341] Loaded X.509 cert 'Canonical Ltd. Live Patch Signing: 14df34d1a87cf37625abec039ef2bf521249b969'
[    2.544944] Loaded X.509 cert 'Canonical Ltd. Kernel Module Signing: 88f752e560a1e0737e31163a466ad7b70a850c19'
[    2.560840] blacklist: Loading compiled-in revocation X.509 certificates
[    2.571016] Loaded X.509 cert 'Canonical Ltd. Secure Boot Signing: 61482aa2830d0ab2ad5af10b7250da9033ddcef0'
[    2.586760] Loaded X.509 cert 'Canonical Ltd. Secure Boot Signing (2017): 242ade75ac4a15e50d50c84b0d45ff3eae707a03'
[    2.603657] Loaded X.509 cert 'Canonical Ltd. Secure Boot Signing (ESM 2018): 365188c1d374d6b07c3c8f240f8ef722433d6a8b'
[    2.620028] Loaded X.509 cert 'Canonical Ltd. Secure Boot Signing (2019): c0746fd6c5da3ae827864651ad66ae47fe24b3e8'
[    2.636298] Loaded X.509 cert 'Canonical Ltd. Secure Boot Signing (2021 v1): a8d54bbb3825cfb94fa13c9f8a594a195c107b8d'
[    2.653235] Loaded X.509 cert 'Canonical Ltd. Secure Boot Signing (2021 v2): 4cf046892d6fd3c9a5b03f98d845f90851dc6a8c'
[    2.670017] Loaded X.509 cert 'Canonical Ltd. Secure Boot Signing (2021 v3): 100437bb6de6e469b581e61cd66bce3ef4ed53af'
[    2.687230] Loaded X.509 cert 'Canonical Ltd. Secure Boot Signing (Ubuntu Core 2019): c1d57b8f6b743f23ee41f4f7ee292f06eecadfb9'
[    2.704899] zswap: loaded using pool lzo/zbud
[    2.730316] Key type big_key registered
[    2.737381] Key type trusted registered
[    2.751252] Key type encrypted registered
[    2.758903] AppArmor: AppArmor sha1 policy hashing enabled
[    2.767889] ima: No TPM chip found, activating TPM-bypass! (rc=-19)
[    2.778122] ima: Allocated hash algorithm: sha1
[    2.785790] evm: HMAC attrs: 0x1
[    2.793478]   Magic number: 13:319:529
[    2.802238] rtc_cmos rtc_cmos: setting system clock to 2025-06-09 11:32:22 UTC (1749468742)
[    2.818178] BIOS EDD facility v0.16 2004-Jun-25, 0 devices found
[    2.827738] EDD information not available.
[    2.839751] Freeing unused kernel image memory: 2480K
[    2.864329] Write protecting the kernel read-only data: 20480k
[    2.875304] Freeing unused kernel image memory: 2008K
[    2.884060] Freeing unused kernel image memory: 1820K
[    2.897362] x86/mm: Checked W+X mappings: passed, no W+X pages found.
Loading, please wait...
starting version 237
[    3.108025] Fusion MPT base driver 3.04.20
[    3.108407] e1000: Intel(R) PRO/1000 Network Driver - version 7.3.21-k8-NAPI
[    3.114059] Copyright (c) 1999-2008 LSI Corporation
[    3.125031] e1000: Copyright (c) 1999-2006 Intel Corporation.
[    3.181092] SSE version of gcm_enc/dec engaged.
[    3.191823] Fusion MPT SPI Host driver 3.04.20
[    3.354851] input: ImExPS/2 Generic Explorer Mouse as /devices/platform/i8042/serio1/input/input4
[    4.098209] e1000 0000:00:03.0 eth0: (PCI:33MHz:32-bit) 02:3b:7b:b7:3b:2d
[    4.108573] e1000 0000:00:03.0 eth0: Intel(R) PRO/1000 Network Connection
[    5.219301] e1000 0000:00:08.0 eth1: (PCI:33MHz:32-bit) 08:00:27:23:ca:c5
[    5.228979] e1000 0000:00:08.0 eth1: Intel(R) PRO/1000 Network Connection
[    5.256991] e1000 0000:00:08.0 enp0s8: renamed from eth1
[    5.267124] mptbase: ioc0: Initiating bringup
[    5.302065] e1000 0000:00:03.0 enp0s3: renamed from eth0
[    5.403384] ioc0: LSI53C1030 A0: Capabilities={Initiator}
[    5.672846] scsi host2: ioc0: LSI53C1030 A0, FwRev=00000000h, Ports=1, MaxQ=256, IRQ=20
[    5.856670] scsi 2:0:0:0: Direct-Access     VBOX     HARDDISK         1.0  PQ: 0 ANSI: 5
[    6.446728] scsi target2:0:0: Beginning Domain Validation
[    6.468298] scsi target2:0:0: Domain Validation skipping write tests
[    6.477040] scsi target2:0:0: Ending Domain Validation
[    6.484565] scsi target2:0:0: asynchronous
[    6.492317] scsi 2:0:1:0: Direct-Access     VBOX     HARDDISK         1.0  PQ: 0 ANSI: 5
[    7.135521] scsi target2:0:1: Beginning Domain Validation
[    7.154630] scsi target2:0:1: Domain Validation skipping write tests
[    7.163383] scsi target2:0:1: Ending Domain Validation
[    7.171058] scsi target2:0:1: asynchronous
[    7.200574] sd 2:0:0:0: Attached scsi generic sg0 type 0
[    7.209605] sd 2:0:1:0: Attached scsi generic sg1 type 0
[    7.217710] sd 2:0:1:0: [sdb] 20480 512-byte logical blocks: (10.5 MB/10.0 MiB)
[    7.219209] sd 2:0:0:0: [sda] 83886080 512-byte logical blocks: (42.9 GB/40.0 GiB)
[    7.243105] sd 2:0:0:0: [sda] Write Protect is off
[    7.250770] sd 2:0:1:0: [sdb] Write Protect is off
[    7.262620] sd 2:0:0:0: [sda] Incomplete mode parameter data
[    7.266431] sd 2:0:1:0: [sdb] Incomplete mode parameter data
[    7.271279] sd 2:0:0:0: [sda] Assuming drive cache: write through
[    7.293570] sd 2:0:1:0: [sdb] Assuming drive cache: write through
[    7.381437]  sda: sda1
[    7.388298] sd 2:0:1:0: [sdb] Attached SCSI disk
[    7.400262] sd 2:0:0:0: [sda] Attached SCSI disk
Begin: Loading essential drivers ... [    9.448220] raid6: sse2x1   gen() 12213 MB/s
[    9.500357] raid6: sse2x1   xor()  7268 MB/s
[    9.552878] raid6: sse2x2   gen() 18418 MB/s
[    9.604649] raid6: sse2x2   xor()  8819 MB/s
[    9.657165] raid6: sse2x4   gen() 16544 MB/s
[    9.708722] raid6: sse2x4   xor()  8229 MB/s
[    9.715386] raid6: using algorithm sse2x2 gen() 18418 MB/s
[    9.723370] raid6: .... xor() 8819 MB/s, rmw enabled
[    9.731171] raid6: using ssse3x2 recovery algorithm
[    9.741456] xor: measuring software checksum speed
[    9.792103]    prefetch64-sse: 15750.000 MB/sec
[    9.845353]    generic_sse: 30277.000 MB/sec
[    9.852175] xor: using function: generic_sse (30277.000 MB/sec)
[    9.872856] async_tx: api initialized (async)
done.
Begin: Running /scripts/init-premount ... done.
Begin: Mounting root file system ... Begin: Running /scripts/local-top ... done.
Begin: Running /scripts/local-premount ... [    9.979929] Btrfs loaded, crc32c=crc32c-intel
Scanning for Btrfs filesystems
done.
Begin: Will now check root file system ... fsck from util-linux 2.31.1
[/sbin/fsck.ext4 (1) -- /dev/sda1] fsck.ext4 -a -C0 /dev/sda1 
cloudimg-rootfs: recovering journal
cloudimg-rootfs: clean, 108237/5120000 files, 904757/10485499 blocks
done.
[   10.296058] EXT4-fs (sda1): mounted filesystem with ordered data mode. Opts: (null)
done.
Begin: Running /scripts/local-bottom ... done.
Begin: Running /scripts/init-bottom ... done.
[   10.595875] ip_tables: (C) 2000-2006 Netfilter Core Team
[   10.608812] systemd[1]: systemd 237 running in system mode. (+PAM +AUDIT +SELINUX +IMA +APPARMOR +SMACK +SYSVINIT +UTMP +LIBCRYPTSETUP +GCRYPT +GNUTLS +ACL +XZ +LZ4 +SECCOMP +BLKID +ELFUTILS +KMOD -IDN2 +IDN -PCRE2 default-hierarchy=hybrid)
[   10.632909] systemd[1]: Detected virtualization oracle.
[   10.640121] systemd[1]: Detected architecture x86-64.

Welcome to [1mUbuntu 18.04.6 LTS[0m!

[   10.724159] systemd[1]: Set hostname to <ubuntu-bionic>.
[   11.083903] systemd[1]: Created slice User and Session Slice.
[[0;32m  OK  [0m] Created slice User and Session Slice.
[   11.101288] systemd[1]: Reached target User and Group Name Lookups.
[[0;32m  OK  [0m] Reached target User and Group Name Lookups.
[   11.115055] systemd[1]: Created slice System Slice.
[[0;32m  OK  [0m] Created slice System Slice.
[   11.126219] systemd[1]: Listening on Journal Socket.
[[0;32m  OK  [0m] Listening on Journal Socket.
[   11.138510] systemd[1]: Mounting Kernel Debug File System...
         Mounting Kernel Debug File System...
[   11.151274] systemd[1]: Listening on /dev/initctl Compatibility Named Pipe.
[[0;32m  OK  [0m] Listening on /dev/initctl Compatibility Named Pipe.
         Starting Create list of required stâ€¦ce nodes for the current kernel...
[[0;32m  OK  [0m] Set up automount Arbitrary Executabâ€¦rmats File System Automount Point.
[[0;32m  OK  [0m] Reached target Slices.
[[0;32m  OK  [0m] Started Forward Password Requests to Wall Directory Watch.
[[0;32m  OK  [0m] Listening on udev Kernel Socket.
[[0;32m  OK  [0m] Created slice system-serial\x2dgetty.slice.
[[0;32m  OK  [0m] Reached target System Time Synchronized.
[[0;32m  OK  [0m] Listening on Journal Socket (/dev/log).
[[0;32m  OK  [0m] Listening on Network Service Netlink Socket.
         Starting Set the console keyboard layout...
         Mounting Huge Pages File System...
[[0;32m  OK  [0m] Listening on Device-mapper event daemon FIFOs.
[[0;32m  OK  [0m] Listening on Journal Audit Socket.
[[0;32m  OK  [0m] Listening on LVM2 metadata daemon socket.
[[0;32m  OK  [0m] Listening on Syslog Socket.
[[0;32m  OK  [0m] Reached target Mounting snaps.
[[0;32m  OK  [0m] Listening on fsck to fsckd communication Socket.
         Starting Remount Root and Kernel File Systems...
[[0;32m  OK  [0m] Reached target Mounted snaps.
         Starting Load Kernel Modules...
         Mounting POSIX Message Queue File System...
[[0;32m  OK  [0m] Listening on LVM2 poll daemon socket.
[[0;32m  OK  [0m] Reached target Swap.
         Starting Monitoring of LVM2 mirrorsâ€¦ng dmeventd or progress polling...
[[0;32m  OK  [0m] Listening on udev Control Socket.
[   11.280840] EXT4-fs (sda1): re-mounted. Opts: (null)
         Starting udev Coldplug all Devices...
         Starting Journal Service...
         Starting Uncomplicated firewall...
[[0;32m  OK  [0m] Mounted Kernel Debug File System.
[[0;32m  OK  [0m] Started Create list of required staâ€¦vice nodes for the current kernel.
[[0;32m  OK  [0m] Mounted Huge Pages File System.
[[0;32m  OK  [0m] Started Remount Root and Kernel File Systems.
[[0;32m  OK  [0m] Mounted POSIX Message Queue File System.
[   11.388507] Loading iSCSI transport class v2.0-870.
[[0;32m  OK  [0m] Started LVM2 metadata daemon.
         Starting Load/Save Random Seed...
[   11.455228] iscsi: registered transport (tcp)
         Starting Create Static Device Nodes in /dev...
[[0;32m  OK  [0m] Started Journal Service.
[[0;32m  OK  [0m] Started udev Coldplug all Devices.
[[0;32m  OK  [0m] Started Load/Save Random Seed.
         Starting Flush Journal to Persistent Storage...
[[0;32m  OK  [0m] Started Monitoring of LVM2 mirrors,â€¦sing dmeventd or progress polling.
[   11.572795] systemd-journald[420]: Received request to flush runtime journal from PID 1
[[0;32m  OK  [0m] Started Create Static Device Nodes in /dev.
         Starting udev Kernel Device Manager...
[   11.685835] iscsi: registered transport (iser)
[[0;32m  OK  [0m] Started Set the console keyboard layout.
[[0;32m  OK  [0m] Started Load Kernel Modules.
         Starting Apply Kernel Variables...
         Mounting Kernel Configuration File System...
[   11.732326] nf_conntrack version 0.5.0 (8192 buckets, 32768 max)
         Mounting FUSE Control File System...
[[0;32m  OK  [0m] Reached target Local File Systems (Pre).
[[0;32m  OK  [0m] Reached target Local File Systems.
         Starting ebtables ruleset management...
         Starting Tell Plymouth To Write Out Runtime Data...
         Starting Set console font and keymap...
         Starting AppArmor initialization...
[[0;32m  OK  [0m] Mounted Kernel Configuration File System.
[[0;32m  OK  [0m] Mounted FUSE Control File System.
[[0;32m  OK  [0m] Started Tell Plymouth To Write Out Runtime Data.
[[0;32m  OK  [0m] Started Set console font and keymap.
[   11.850672] systemd-journald[420]: File /var/log/journal/01eeb9572f2a4c9cbea20e0bb181aa12/system.journal corrupted or uncleanly shut down, renaming and replacing.
[[0;32m  OK  [0m] Started Apply Kernel Variables.
[[0;32m  OK  [0m] Started udev Kernel Device Manager.
[[0;32m  OK  [0m] Started Dispatch Password Requests to Console Directory Watch.
[[0;32m  OK  [0m] Reached target Local Encrypted Volumes.
[[0;32m  OK  [0m] Started ebtables ruleset management.
[[0;32m  OK  [0m] Started Flush Journal to Persistent Storage.
         Starting Create Volatile Files and Directories...
[[0;32m  OK  [0m] Started Create Volatile Files and Directories.
         Starting Update UTMP about System Boot/Shutdown...
[[0;32m  OK  [0m] Started Update UTMP about System Boot/Shutdown.
[[0;32m  OK  [0m] Started AppArmor initialization.
[[0;32m  OK  [0m] Found device /dev/ttyS0.
         Starting Load AppArmor profiles managed internally by snapd...
         Starting Initial cloud-init job (pre-networking)...
[[0;32m  OK  [0m] Listening on Load/Save RF Kill Switch Status /dev/rfkill Watch.
         Mounting Arbitrary Executable File Formats File System...
[[0;32m  OK  [0m] Mounted Arbitrary Executable File Formats File System.
[[0;32m  OK  [0m] Started Load AppArmor profiles managed internally by snapd.
[[0;32m  OK  [0m] Started Uncomplicated firewall.
[   15.057999] cloud-init[575]: Cloud-init v. 23.1.2-0ubuntu0~18.04.1 running 'init-local' at Mon, 09 Jun 2025 11:32:34 +0000. Up 14.87 seconds.
[[0;32m  OK  [0m] Started Initial cloud-init job (pre-networking).
[[0;32m  OK  [0m] Reached target Network (Pre).
         Starting Network Service...
[[0;32m  OK  [0m] Started Network Service.
         Starting Network Name Resolution...
         Starting Wait for Network to be Configured...
[[0;32m  OK  [0m] Started Network Name Resolution.
[[0;32m  OK  [0m] Reached target Network.
[[0;32m  OK  [0m] Reached target Host and Network Name Lookups.
[[0;32m  OK  [0m] Started Wait for Network to be Configured.
         Starting Initial cloud-init job (metadata service crawler)...
[   17.783627] cloud-init[743]: Cloud-init v. 23.1.2-0ubuntu0~18.04.1 running 'init' at Mon, 09 Jun 2025 11:32:37 +0000. Up 17.61 seconds.
[   17.796795] cloud-init[743]: ci-info: +++++++++++++++++++++++++++++++++++++++++++Net device info++++++++++++++++++++++++++++++++++++++++++++
[   17.807909] cloud-init[743]: ci-info: +--------+------+---------------------------------------+---------------+--------+-------------------+
[   17.818637] cloud-init[743]: ci-info: | Device |  Up  |                Address                |      Mask     | Scope  |     Hw-Address    |
[   17.830599] cloud-init[743]: ci-info: +--------+------+---------------------------------------+---------------+--------+-------------------+
[   17.841086] cloud-init[743]: ci-info: | enp0s3 | True |               10.0.2.15               | 255.255.255.0 | global | 02:3b:7b:b7:3b:2d |
[   17.851778] cloud-init[743]: ci-info: | enp0s3 | True | fd17:625c:f037:2:3b:7bff:feb7:3b2d/64 |       .       | global | 02:3b:7b:b7:3b:2d |
[   17.862390] cloud-init[743]: ci-info: | enp0s3 | True |       fe80::3b:7bff:feb7:3b2d/64      |       .       |  link  | 02:3b:7b:b7:3b:2d |
[   17.873902] cloud-init[743]: ci-info: | enp0s8 | True |              192.168.3.4              | 255.255.255.0 | global | 08:00:27:23:ca:c5 |
[   17.884642] cloud-init[743]: ci-info: | enp0s8 | True |      fe80::a00:27ff:fe23:cac5/64      |       .       |  link  | 08:00:27:23:ca:c5 |
[   17.895692] cloud-init[743]: ci-info: |   lo   | True |               127.0.0.1               |   255.0.0.0   |  host  |         .         |
[   17.907086] cloud-init[743]: ci-info: |   lo   | True |                ::1/128                |       .       |  host  |         .         |
[   17.917941] cloud-init[743]: ci-info: +--------+------+---------------------------------------+---------------+--------+-------------------+
[   17.929029] cloud-init[743]: ci-info: ++++++++++++++++++++++++++++Route IPv4 info+++++++++++++++++++++++++++++
[   17.938474] cloud-init[743]: ci-info: +-------+-------------+----------+-----------------+-----------+-------+
[   17.947955] cloud-init[743]: ci-info: | Route | Destination | Gateway  |     Genmask     | Interface | Flags |
[   17.958358] cloud-init[743]: ci-info: +-------+-------------+----------+-----------------+-----------+-------+
[   17.967711] cloud-init[743]: ci-info: |   0   |   0.0.0.0   | 10.0.2.2 |     0.0.0.0     |   enp0s3  |   UG  |
[   17.978243] cloud-init[743]: ci-info: |   1   |   10.0.2.0  | 0.0.0.0  |  255.255.255.0  |   enp0s3  |   U   |
[   17.987410] cloud-init[743]: ci-info: |   2   |   10.0.2.2  | 0.0.0.0  | 255.255.255.255 |   enp0s3  |   UH  |
[   17.998444] cloud-init[743]: ci-info: |   3   | 192.168.3.0 | 0.0.0.0  |  255.255.255.0  |   enp0s8  |   U   |
[   18.009259] cloud-init[743]: ci-info: +-------+-------------+----------+-----------------+-----------+-------+
[   18.018593] cloud-init[743]: ci-info: ++++++++++++++++++++++++Route IPv6 info++++++++++++++++++++++++
[   18.027880] cloud-init[743]: ci-info: +-------+-----------------------+---------+-----------+-------+
[   18.037385] cloud-init[743]: ci-info: | Route |      Destination      | Gateway | Interface | Flags |
[   18.046237] cloud-init[743]: ci-info: +-------+-----------------------+---------+-----------+-------+
[   18.055546] cloud-init[743]: ci-info: |   1   | fd17:625c:f037:2::/64 |    ::   |   enp0s3  |   U   |
[   18.066230] [cloud-init[743]: ci-info: |   2   |       fe80::/64       |    ::   |   enp0s8  |   U   |
[   18.069582] cloud-init[743]: ci-info: |   3   |       fe80::/64       |    ::   |   enp0s3  |   U   |
[   18.069620] cloud-init[743]: ci-info: |   4   |          ::/0         | fe80::2 |   enp0s3  |   UG  |
[   18.070472] cloud-init[743]: ci-info: |   6   |         local         |    ::   |   enp0s3  |   U   |
[   18.070507] cloud-init[743]: ci-info: |   7   |         local         |    ::   |   enp0s8  |   U   |
[   18.070537] cloud-init[743]: ci-info: |   8   |        ff00::/8       |    ::   |   enp0s8  |   U   |
[   18.070564] cloud-init[743]: ci-info: |   9   |        ff00::/8       |    ::   |   enp0s3  |   U   |
[   18.070615] cloud-init[743]: ci-info: +-------+-----------------------+---------+-----------+-------+
[0;32m  OK  [0m] Started Initial cloud-init job (metadata service crawler).
[[0;32m  OK  [0m] Reached target System Initialization.
[[0;32m  OK  [0m] Listening on Open-iSCSI iscsid Socket.
[[0;32m  OK  [0m] Started Ubuntu Advantage Timer for running repeated jobs.
         Starting Socket activation for snappy daemon.
[[0;32m  OK  [0m] Started ACPI Events Check.
[[0;32m  OK  [0m] Started Message of the Day.
[[0;32m  OK  [0m] Started Discard unused blocks once a week.
[[0;32m  OK  [0m] Reached target Paths.
[[0;32m  OK  [0m] Started Daily apt download activities.
[[0;32m  OK  [0m] Listening on D-Bus System Message Bus Socket.
         Starting LXD - unix socket.
[[0;32m  OK  [0m] Listening on cloud-init hotplug hook socket.
[[0;32m  OK  [0m] Listening on ACPID Listen Socket.
[[0;32m  OK  [0m] Started Daily apt upgrade and clean activities.
[[0;32m  OK  [0m] Started Daily Cleanup of Temporary Directories.
[[0;32m  OK  [0m] Reached target Timers.
[[0;32m  OK  [0m] Listening on UUID daemon activation socket.
[[0;32m  OK  [0m] Reached target Network is Online.
[[0;32m  OK  [0m] Reached target Remote File Systems (Pre).
         Starting Availability of block devices...
         Mounting /vagrant...
[[0;32m  OK  [0m] Reached target Cloud-config availability.
[[0;32m  OK  [0m] Listening on Socket activation for snappy daemon.
[[0;32m  OK  [0m] Listening on LXD - unix socket.
[[0;32m  OK  [0m] Reached target Sockets.
[[0;32m  OK  [0m] Reached target Basic System.
         Starting Accounts Service...
         Starting Discard unused blocks...
[[0;32m  OK  [0m] Started D-Bus System Message Bus.
         Starting A high performance web server and a reverse proxy server...
[[0;32m  OK  [0m] Started irqbalance daemon.
         Starting Dispatcher daemon for systemd-networkd...
         Starting Virtualbox guest utils...
[[0;32m  OK  [0m] Started FUSE filesystem for LXC.
[[0;32m  OK  [0m] Reached target Login Prompts (Pre).
         Starting System Logging Service...
[[0;32m  OK  [0m] Started GitHub Actions Runner (ThanhDat2501-NodeJS.ubuntu-bionic).
         Starting LSB: Record successful boot for GRUB...
[[0;32m  OK  [0m] Started Deferred execution scheduler.
[[0;32m  OK  [0m] Started Regular background program processing daemon.
         Starting LXD - container startup/shutdown...
         Starting Message of the Day...
         Starting Login Service...
         Starting OpenBSD Secure Shell server...
         Starting Snap Daemon...
[[0;32m  OK  [0m] Started System Logging Service.
[[0;32m  OK  [0m] Started Availability of block devices.
[[0;32m  OK  [0m] Mounted /vagrant.
[[0;32m  OK  [0m] Started Discard unused blocks.
[[0;32m  OK  [0m] Started A high performance web server and a reverse proxy server.
[[0;32m  OK  [0m] Started Login Service.
[[0;32m  OK  [0m] Started Unattended Upgrades Shutdown.
         Starting Authorization Manager...
         Starting Hostname Service...
[[0;32m  OK  [0m] Reached target Remote File Systems.
         Starting Permit User Sessions...
         Starting LSB: automatic crash report generation...
[[0;32m  OK  [0m] Started Permit User Sessions.
         Starting Terminate Plymouth Boot Screen...
         Starting Hold until boot process finishes up...
[[0;32m  OK  [0m] Started Hold until boot process finishes up.
[[0;32m  OK  [0m] Started Serial Getty on ttyS0.
         Starting Set console scheme...
[[0;32m  OK  [0m] Started Terminate Plymouth Boot Screen.
[[0;32m  OK  [0m] Started Hostname Service.
[[0;32m  OK  [0m] Started Authorization Manager.
[[0;32m  OK  [0m] Started Set console scheme.
[[0;32m  OK  [0m] Created slice system-getty.slice.
[[0;32m  OK  [0m] Started Getty on tty1.
[[0;32m  OK  [0m] Reached target Login Prompts.
[[0;32m  OK  [0m] Started LSB: Record successful boot for GRUB.
[[0;32m  OK  [0m] Started LSB: automatic crash report generation.
[[0;32m  OK  [0m] Started OpenBSD Secure Shell server.
[[0;32m  OK  [0m] Started Virtualbox guest utils.
[[0;32m  OK  [0m] Started Accounts Service.
[[0;32m  OK  [0m] Started LXD - container startup/shutdown.
[[0;32m  OK  [0m] Created slice User Slice of vagrant.
         Starting User Manager for UID 1000...
[[0;32m  OK  [0m] Started Session 1 of user vagrant.
[[0;32m  OK  [0m] Started Dispatcher daemon for systemd-networkd.
[[0;32m  OK  [0m] Started User Manager for UID 1000.
[[0;32m  OK  [0m] Started Snap Daemon.
         Starting Wait until snapd is fully seeded...
         Starting Time & Date Service...
[[0;32m  OK  [0m] Started Time & Date Service.
[[0;32m  OK  [0m] Started Wait until snapd is fully seeded.
         Starting Apply the settings specified in cloud-config...
[   21.892041] cloud-init[1293]: Cloud-init v. 23.1.2-0ubuntu0~18.04.1 running 'modules:config' at Mon, 09 Jun 2025 11:32:41 +0000. Up 21.78 seconds.
[[0;32m  OK  [0m] Started Apply the settings specified in cloud-config.
[[0;32m  OK  [0m] Reached target Multi-User System.
         Starting Execute cloud user/final scripts...
[[0;32m  OK  [0m] Reached target Graphical Interface.
         Starting Update UTMP about System Runlevel Changes...
[[0;32m  OK  [0m] Started Update UTMP about System Runlevel Changes.
[   22.912398] cloud-init[1354]: Cloud-init v. 23.1.2-0ubuntu0~18.04.1 running 'modules:final' at Mon, 09 Jun 2025 11:32:42 +0000. Up 22.75 seconds.
[   22.919732] cloud-init[1354]: Cloud-init v. 23.1.2-0ubuntu0~18.04.1 finished at Mon, 09 Jun 2025 11:32:42 +0000. Datasource DataSourceNoCloud [seed=/dev/sdb][dsmode=net].  Up 22.89 seconds
[[0;32m  OK  [0m] Started Execute cloud user/final scripts.
[[0;32m  OK  [0m] Reached target Cloud-init target.
         Starting Daily apt download activities...
         Starting Update APT News...
         Starting Update the local ESM caches...

Ubuntu 18.04.6 LTS ubuntu-bionic ttyS0

ubuntu-bionic login: [  321.673561] watchdog: BUG: soft lockup - CPU#1 stuck for 42s! [safe_sleep.sh:2912]
